INFO: 2026/05/22 13:24:59 Application starting...
INFO: 2026/05/22 13:24:59 Env Variable loaded successfully
INFO: 2026/05/22 13:24:59 Database initialized successfully
INFO: 2026/05/22 13:24:59 Starting the server on port 8080...
INFO: 2026/05/22 13:27:58 Login success: herda@gmail.com
INFO: 2026/05/22 13:27:58 POST /login | 200 | 178.4658ms
INFO: 2026/05/22 13:28:34 GET /profile | 401 | 0s
INFO: 2026/05/22 13:29:24 GET /profile | 200 | 47.3019ms
INFO: 2026/05/22 13:31:04 Login success: herda@gmail.com
INFO: 2026/05/22 13:31:04 POST /login | 200 | 74.0221ms
INFO: 2026/05/22 13:31:04 GET /profile | 200 | 1.9364ms
INFO: 2026/05/22 13:31:04 GET /profile | 200 | 1.0697ms
INFO: 2026/05/22 13:31:04 GET /rooms/all | 200 | 55.0608ms
INFO: 2026/05/22 13:31:04 GET /rooms/all | 200 | 514µs
INFO: 2026/05/22 13:33:45 POST /bookings | 400 | 0s
INFO: 2026/05/22 13:34:17 GET /rooms/all | 401 | 0s
INFO: 2026/05/22 13:34:29 GET /rooms/all | 200 | 508.3µs
INFO: 2026/05/22 13:38:53 Application starting...
INFO: 2026/05/22 13:38:53 Env Variable loaded successfully
INFO: 2026/05/22 13:38:53 Database initialized successfully
INFO: 2026/05/22 13:38:53 Starting the server on port 8080...
INFO: 2026/05/22 13:39:40 Application starting...
INFO: 2026/05/22 13:39:40 Env Variable loaded successfully
INFO: 2026/05/22 13:39:40 Database initialized successfully
INFO: 2026/05/22 13:39:40 Starting the server on port 8080...
INFO: 2026/05/22 13:39:40 GET /rooms/all | 200 | 3.2429ms
INFO: 2026/05/22 13:39:40 GET /rooms/all | 200 | 0s
INFO: 2026/05/22 13:39:54 GET /profile | 200 | 11.2032ms
INFO: 2026/05/22 13:39:54 GET /profile | 200 | 2.2069ms
INFO: 2026/05/22 13:39:54 GET /rooms/all | 200 | 37.827ms
INFO: 2026/05/22 13:39:54 GET /rooms/all | 200 | 785.4µs
INFO: 2026/05/22 13:40:42 GET /rooms/all | 200 | 505.7µs
INFO: 2026/05/22 13:40:42 GET /rooms/all | 200 | 0s
INFO: 2026/05/22 13:40:42 GET /profile | 200 | 11.7664ms
INFO: 2026/05/22 13:40:42 GET /profile | 200 | 506µs
INFO: 2026/05/22 13:42:24 POST /bookings | 400 | 0s
INFO: 2026/05/22 13:49:38 GET /rooms/all | 200 | 507.5µs
INFO: 2026/05/22 13:49:38 GET /profile | 200 | 1.0674ms
INFO: 2026/05/22 13:49:38 GET /rooms/all | 200 | 1.0571ms
INFO: 2026/05/22 13:49:38 GET /profile | 200 | 2.5284ms
INFO: 2026/05/22 13:50:03 POST /bookings | 201 | 25.3835ms
INFO: 2026/05/22 13:50:11 GET /rooms/all | 200 | 1.057ms
INFO: 2026/05/22 13:50:11 GET /rooms/all | 200 | 963.4µs
INFO: 2026/05/22 13:50:12 GET /rooms/all | 200 | 745.3µs
INFO: 2026/05/22 13:50:12 GET /rooms/all | 200 | 0s
INFO: 2026/05/22 13:50:33 GET /bookings/all | 200 | 2.5979ms
INFO: 2026/05/22 14:20:49 Application starting...
INFO: 2026/05/22 14:20:49 Env Variable loaded successfully
INFO: 2026/05/22 14:20:49 Database initialized successfully
INFO: 2026/05/22 14:20:49 Starting the server on port 8080...
INFO: 2026/05/22 14:20:50 Application starting...
INFO: 2026/05/22 14:20:50 Env Variable loaded successfully
INFO: 2026/05/22 14:20:50 Database initialized successfully
INFO: 2026/05/22 14:20:50 Starting the server on port 8080...
ERROR: 2026/05/22 14:20:50 Server failed to start: listen tcp :8080: bind: Only one usage of each socket address (protocol/network address/port) is normally permitted.
INFO: 2026/05/22 14:21:45 Application starting...
INFO: 2026/05/22 14:21:45 Env Variable loaded successfully
INFO: 2026/05/22 14:21:45 Database initialized successfully
INFO: 2026/05/22 14:21:45 Starting the server on port 8080...
INFO: 2026/05/22 14:21:46 Application starting...
INFO: 2026/05/22 14:21:46 Env Variable loaded successfully
INFO: 2026/05/22 14:21:46 Database initialized successfully
INFO: 2026/05/22 14:21:46 Starting the server on port 8080...
ERROR: 2026/05/22 14:21:46 Server failed to start: listen tcp :8080: bind: Only one usage of each socket address (protocol/network address/port) is normally permitted.
INFO: 2026/05/22 14:21:58 Application starting...
INFO: 2026/05/22 14:21:58 Env Variable loaded successfully
INFO: 2026/05/22 14:21:58 Database initialized successfully
INFO: 2026/05/22 14:21:58 Starting the server on port 8080...
INFO: 2026/05/22 14:22:21 Application starting...
INFO: 2026/05/22 14:22:21 Env Variable loaded successfully
INFO: 2026/05/22 14:22:21 Database initialized successfully
INFO: 2026/05/22 14:22:21 Starting the server on port 8080...
INFO: 2026/05/22 14:22:55 Application starting...
INFO: 2026/05/22 14:22:55 Env Variable loaded successfully
INFO: 2026/05/22 14:22:55 Database initialized successfully
INFO: 2026/05/22 14:22:55 Starting the server on port 8080...
INFO: 2026/05/22 14:23:11 Application starting...
INFO: 2026/05/22 14:23:11 Env Variable loaded successfully
INFO: 2026/05/22 14:23:11 Database initialized successfully
INFO: 2026/05/22 14:23:11 Starting the server on port 8080...
INFO: 2026/05/22 14:24:34 Application starting...
INFO: 2026/05/22 14:24:34 Env Variable loaded successfully
INFO: 2026/05/22 14:24:34 Database initialized successfully
INFO: 2026/05/22 14:24:34 Starting the server on port 8080...
INFO: 2026/05/22 14:27:27 Application starting...
INFO: 2026/05/22 14:27:27 Env Variable loaded successfully
INFO: 2026/05/22 14:27:27 Database initialized successfully
INFO: 2026/05/22 14:27:27 Starting the server on port 8080...
INFO: 2026/05/22 14:29:04 Application starting...
INFO: 2026/05/22 14:29:04 Env Variable loaded successfully
INFO: 2026/05/22 14:29:04 Database initialized successfully
INFO: 2026/05/22 14:29:04 Starting the server on port 8080...
INFO: 2026/05/22 14:29:47 Application starting...
INFO: 2026/05/22 14:29:47 Env Variable loaded successfully
INFO: 2026/05/22 14:29:47 Database initialized successfully
INFO: 2026/05/22 14:29:47 Starting the server on port 8080...
INFO: 2026/05/22 14:30:21 Application starting...
INFO: 2026/05/22 14:30:21 Env Variable loaded successfully
INFO: 2026/05/22 14:30:21 Database initialized successfully
INFO: 2026/05/22 14:30:21 Starting the server on port 8080...
INFO: 2026/05/22 14:31:38 POST /bookings | 401 | 509.1µs
INFO: 2026/05/22 14:32:13 POST /bookings | 201 | 21.4089ms
INFO: 2026/05/22 14:32:29 POST /bookings | 400 | 1.1107ms
INFO: 2026/05/22 14:41:45 GET /bookings/all | 200 | 2.8276ms
